// Jest Snapshot v1, https://goo.gl/fbAQLP

exports[`Active Story UI should render correctly 1`] = `ShallowWrapper {}`;
