// Jest Snapshot v1, https://goo.gl/fbAQLP

exports[`Button UI should render correctly 1`] = `ShallowWrapper {}`;
