// Jest Snapshot v1, https://goo.gl/fbAQLP

exports[`Invite Link UI should render correctly 1`] = `ShallowWrapper {}`;
