// Jest Snapshot v1, https://goo.gl/fbAQLP

exports[`Labeled Text Box UI should render correctly 1`] = `ShallowWrapper {}`;
