// Jest Snapshot v1, https://goo.gl/fbAQLP

exports[`Header UI should render correctly 1`] = `ShallowWrapper {}`;
