// Jest Snapshot v1, https://goo.gl/fbAQLP

exports[`Labeled Text Area UI should render correctly 1`] = `ShallowWrapper {}`;
