// Jest Snapshot v1, https://goo.gl/fbAQLP

exports[`Story List Item UI should render correctly 1`] = `ShallowWrapper {}`;
