// Jest Snapshot v1, https://goo.gl/fbAQLP

exports[`Story List UI should render correctly 1`] = `ShallowWrapper {}`;
